// Jest Snapshot v1, https://goo.gl/fbAQLP

exports[`Home page DOM rendering test Tab1 page has to be matched to snapshot 1`] = `
<Home
  store={[Function]}
/>
`;
